# dune exec src/assignment2.exe
# OCAMLPARAM: unset
<<<<<<< HEAD
# Workspace root: /home/hp/Documents/cs314/assignment2/assignment2
$ /usr/bin/nproc > /tmp/dune2e75e9.output 2> /dev/null
# Auto-detected concurrency: 4
# disable binary cache
$ /usr/local/bin/ocamlc.opt -config > /tmp/dunea2ab6e.output
=======
# Workspace root: /home/harsh/Documents/cs314/assignment2/assignment2
$ /usr/bin/nproc > /tmp/dunef1dc47.output 2> /dev/null
# Auto-detected concurrency: 4
# disable binary cache
<<<<<<< HEAD
$ /usr/bin/ocamlc.opt -config > /tmp/dunef62116.output
=======
$ /usr/bin/ocamlc.opt -config > /tmp/dunef25b72.output
>>>>>>> 3999659b0a437f6c7ade4920a5a2b122e195e5bb
>>>>>>> e10c994f6c36bac388226611da1b2c23bc20b9a0
# Dune context:
#  { name = "default"
#  ; kind = "default"
#  ; profile = Release
#  ; merlin = true
#  ; for_host = None
#  ; fdo_target_exe = None
#  ; build_dir = "default"
#  ; toplevel_path = Some External "/home/harsh/.opam/default/lib/toplevel"
#  ; ocaml_bin = External "/usr/bin"
#  ; ocaml = Ok External "/home/harsh/.opam/default/bin/ocaml"
#  ; ocamlc = External "/usr/bin/ocamlc.opt"
#  ; ocamlopt = Ok External "/usr/bin/ocamlopt.opt"
#  ; ocamldep = Ok External "/usr/bin/ocamldep.opt"
#  ; ocamlmklib = Ok External "/usr/bin/ocamlmklib.opt"
#  ; env =
#      map
#        { "INSIDE_DUNE" :
#            "/home/harsh/Documents/cs314/assignment2/assignment2/_build/default"
#        ; "OCAMLFIND_IGNORE_DUPS_IN" :
#            "/home/harsh/Documents/cs314/assignment2/assignment2/_build/install/default/lib"
#        ; "OCAMLPATH" :
#            "/home/harsh/Documents/cs314/assignment2/assignment2/_build/install/default/lib"
#        ; "OCAML_COLOR" : "always"
#        ; "OPAMCOLOR" : "always"
#        }
#  ; findlib_path = [ External "/home/harsh/.opam/default/lib" ]
#  ; arch_sixtyfour = true
#  ; natdynlink_supported = true
#  ; supports_shared_libraries = true
#  ; ocaml_config =
#      { version = "4.09.1"
#      ; standard_library_default = "/usr/lib/ocaml"
#      ; standard_library = "/usr/lib/ocaml"
#      ; standard_runtime = "the_standard_runtime_variable_was_deleted"
#      ; ccomp_type = "cc"
#      ; c_compiler = "gcc"
#      ; ocamlc_cflags = [ "-O2"; "-fno-strict-aliasing"; "-fwrapv"; "-fPIC" ]
#      ; ocamlopt_cflags = [ "-O2"; "-fno-strict-aliasing"; "-fwrapv" ]
#      ; bytecomp_c_compiler =
#          [ "gcc"
#          ; "-O2"
#          ; "-fno-strict-aliasing"
#          ; "-fwrapv"
#          ; "-fPIC"
#          ; "-D_FILE_OFFSET_BITS=64"
#          ; "-D_REENTRANT"
#          ]
#      ; bytecomp_c_libraries = [ "-lm"; "-ldl"; "-lpthread" ]
#      ; native_c_compiler =
#          [ "gcc"
#          ; "-O2"
#          ; "-fno-strict-aliasing"
#          ; "-fwrapv"
#          ; "-D_FILE_OFFSET_BITS=64"
#          ; "-D_REENTRANT"
#          ]
#      ; native_c_libraries = [ "-lm"; "-ldl" ]
#      ; cc_profile = []
#      ; architecture = "amd64"
#      ; model = "default"
#      ; int_size = 63
#      ; word_size = 64
#      ; system = "linux"
#      ; asm = [ "as" ]
#      ; asm_cfi_supported = true
#      ; with_frame_pointers = false
#      ; ext_exe = ""
#      ; ext_obj = ".o"
#      ; ext_asm = ".s"
#      ; ext_lib = ".a"
#      ; ext_dll = ".so"
#      ; os_type = "Unix"
#      ; default_executable_name = "a.out"
#      ; systhread_supported = true
#      ; host = "x86_64-pc-linux-gnu"
#      ; target = "x86_64-pc-linux-gnu"
#      ; profiling = false
#      ; flambda = false
#      ; spacetime = false
#      ; safe_string = false
#      ; exec_magic_number = "Caml1999X026"
#      ; cmi_magic_number = "Caml1999I026"
#      ; cmo_magic_number = "Caml1999O026"
#      ; cma_magic_number = "Caml1999A026"
#      ; cmx_magic_number = "Caml1999Y026"
#      ; cmxa_magic_number = "Caml1999Z026"
#      ; ast_impl_magic_number = "Caml1999M026"
#      ; ast_intf_magic_number = "Caml1999N026"
#      ; cmxs_magic_number = "Caml1999D026"
#      ; cmt_magic_number = "Caml1999T026"
#      ; natdynlink_supported = true
#      ; supports_shared_libraries = true
#      ; windows_unicode = false
#      }
#  }
<<<<<<< HEAD
# Workspace root: /home/hp/Documents/cs314/assignment2/assignment2
=======
# Workspace root: /home/harsh/Documents/cs314/assignment2/assignment2
<<<<<<< HEAD
=======
$ (cd _build/default && /usr/bin/ocamldep.opt -modules -impl src/lambda.ml) > _build/default/src/.assignment2.eobjs/lambda.ml.d
$ (cd _build/default && /usr/bin/ocamlc.opt -w -40 -g -bin-annot -I src/.assignment2.eobjs/byte -no-alias-deps -o src/.assignment2.eobjs/byte/lambda.cmo -c -impl src/lambda.ml)
$ (cd _build/default && /usr/bin/ocamlc.opt -w -40 -g -bin-annot -I src/.assignment2.eobjs/byte -no-alias-deps -o src/.assignment2.eobjs/byte/assignment2.cmo -c -impl src/assignment2.ml)
$ (cd _build/default && /usr/bin/ocamlopt.opt -w -40 -g -I src/.assignment2.eobjs/byte -I src/.assignment2.eobjs/native -intf-suffix .ml -no-alias-deps -o src/.assignment2.eobjs/native/lambda.cmx -c -impl src/lambda.ml)
$ (cd _build/default && /usr/bin/ocamlopt.opt -w -40 -g -I src/.assignment2.eobjs/byte -I src/.assignment2.eobjs/native -intf-suffix .ml -no-alias-deps -o src/.assignment2.eobjs/native/assignment2.cmx -c -impl src/assignment2.ml)
$ (cd _build/default && /usr/bin/ocamlopt.opt -w -40 -g -o src/assignment2.exe src/.assignment2.eobjs/native/error.cmx src/.assignment2.eobjs/native/syntax.cmx src/.assignment2.eobjs/native/lambda_parser.cmx src/.assignment2.eobjs/native/lambda_lexer.cmx src/.assignment2.eobjs/native/lambda_parse.cmx src/.assignment2.eobjs/native/lambda.cmx src/.assignment2.eobjs/native/assignment2.cmx)
>>>>>>> 3999659b0a437f6c7ade4920a5a2b122e195e5bb
>>>>>>> e10c994f6c36bac388226611da1b2c23bc20b9a0
